
> bilibili-ai-mg-rebuild@1.0.0 render
> remotion render src/index.tsx Replica ../output/models-fixed.mp4 --frames=1010-1299 --codec=h264 --crf=18 --concurrency=3 --browser-executable=/Applications/Google Chrome.app/Contents/MacOS/Google Chrome

Bundling 6%
Bundling 17%
Bundling 63%
Bundling 69%
Bundling 74%
Bundling 80%
Bundling 85%
Bundling 90%
Bundling 95%
Bundling 100%
Getting composition
Composition          Replica
Codec                h264
Output               ../output/models-fixed.mp4
Concurrency          3x
Rendered 0/290
Rendered 1/290, time remaining: 1m 38s
Rendered 2/290, time remaining: 57s
Rendered 3/290, time remaining: 44s
Rendered 4/290, time remaining: 37s
Rendered 5/290, time remaining: 32s
Rendered 6/290, time remaining: 29s
Rendered 7/290, time remaining: 27s
Rendered 8/290, time remaining: 25s
Rendered 9/290, time remaining: 25s
Rendered 10/290, time remaining: 24s
Rendered 11/290, time remaining: 22s
Rendered 12/290, time remaining: 21s
Rendered 13/290, time remaining: 20s
Rendered 14/290, time remaining: 22s
Rendered 15/290, time remaining: 22s
Rendered 16/290, time remaining: 21s
Rendered 17/290, time remaining: 20s
Rendered 18/290, time remaining: 20s
Rendered 19/290, time remaining: 19s
Rendered 20/290, time remaining: 19s
Rendered 21/290, time remaining: 19s
Rendered 22/290, time remaining: 19s
Rendered 23/290, time remaining: 18s
Rendered 24/290, time remaining: 18s
Rendered 25/290, time remaining: 18s
Rendered 26/290, time remaining: 17s
Rendered 27/290, time remaining: 17s
Rendered 28/290, time remaining: 17s
Rendered 29/290, time remaining: 17s
Rendered 30/290, time remaining: 17s
Rendered 31/290, time remaining: 17s
Rendered 32/290, time remaining: 17s
Rendered 33/290, time remaining: 16s
Rendered 34/290, time remaining: 16s
Rendered 35/290, time remaining: 16s
Rendered 36/290, time remaining: 16s
Rendered 37/290, time remaining: 15s
Rendered 38/290, time remaining: 15s
Rendered 39/290, time remaining: 15s
Rendered 40/290, time remaining: 15s
Rendered 41/290, time remaining: 15s
Rendered 42/290, time remaining: 15s
Rendered 43/290, time remaining: 15s
Rendered 44/290, time remaining: 15s
Rendered 45/290, time remaining: 14s
Rendered 46/290, time remaining: 14s
Rendered 47/290, time remaining: 14s
Rendered 48/290, time remaining: 14s
Rendered 49/290, time remaining: 14s
Rendered 50/290, time remaining: 14s
Rendered 51/290, time remaining: 14s
Rendered 52/290, time remaining: 14s
Rendered 53/290, time remaining: 14s
Rendered 54/290, time remaining: 14s
Rendered 55/290, time remaining: 14s
Rendered 56/290, time remaining: 14s
Rendered 57/290, time remaining: 13s
Rendered 58/290, time remaining: 13s
Rendered 59/290, time remaining: 13s
Rendered 60/290, time remaining: 13s
Rendered 61/290, time remaining: 13s
Rendered 62/290, time remaining: 13s
Rendered 63/290, time remaining: 13s
Rendered 64/290, time remaining: 13s
Rendered 65/290, time remaining: 13s
Rendered 66/290, time remaining: 13s
Rendered 67/290, time remaining: 13s
Rendered 68/290, time remaining: 12s
Rendered 69/290, time remaining: 12s
Rendered 70/290, time remaining: 12s
Rendered 71/290, time remaining: 12s
Rendered 72/290, time remaining: 12s
Rendered 73/290, time remaining: 12s
Rendered 74/290, time remaining: 12s
Rendered 75/290, time remaining: 12s
Rendered 76/290, time remaining: 12s
Rendered 77/290, time remaining: 12s
Rendered 78/290, time remaining: 12s
Rendered 79/290, time remaining: 12s
Rendered 80/290, time remaining: 12s
Rendered 81/290, time remaining: 11s
Rendered 82/290, time remaining: 11s
Rendered 83/290, time remaining: 11s
Rendered 84/290, time remaining: 11s
Rendered 85/290, time remaining: 11s
Rendered 86/290, time remaining: 11s
Rendered 87/290, time remaining: 11s
Rendered 88/290, time remaining: 11s
Rendered 89/290, time remaining: 11s
Rendered 90/290, time remaining: 11s
Rendered 91/290, time remaining: 11s
Rendered 92/290, time remaining: 11s
Rendered 93/290, time remaining: 11s
Rendered 94/290, time remaining: 11s
Rendered 95/290, time remaining: 11s
Rendered 96/290, time remaining: 10s
Rendered 97/290, time remaining: 10s
Rendered 98/290, time remaining: 10s
Rendered 99/290, time remaining: 10s
Rendered 100/290, time remaining: 10s
Rendered 101/290, time remaining: 10s
Rendered 102/290, time remaining: 10s
Rendered 103/290, time remaining: 10s
Rendered 104/290, time remaining: 10s
Rendered 105/290, time remaining: 10s
Rendered 106/290, time remaining: 10s
Rendered 107/290, time remaining: 10s
Rendered 108/290, time remaining: 10s
Rendered 109/290, time remaining: 10s
Rendered 110/290, time remaining: 10s
Rendered 111/290, time remaining: 10s
Rendered 112/290, time remaining: 9s
Rendered 113/290, time remaining: 9s
Rendered 114/290, time remaining: 9s
Rendered 115/290, time remaining: 9s
Rendered 116/290, time remaining: 9s
Rendered 117/290, time remaining: 9s
Rendered 118/290, time remaining: 9s
Rendered 119/290, time remaining: 9s
Rendered 120/290, time remaining: 9s
Rendered 121/290, time remaining: 9s
Rendered 122/290, time remaining: 9s
Rendered 123/290, time remaining: 9s
Rendered 124/290, time remaining: 9s
Rendered 125/290, time remaining: 9s
Rendered 126/290, time remaining: 9s
Rendered 127/290, time remaining: 9s
Rendered 128/290, time remaining: 8s
Rendered 129/290, time remaining: 8s
Rendered 130/290, time remaining: 8s
Rendered 131/290, time remaining: 8s
Rendered 132/290, time remaining: 8s
Rendered 133/290, time remaining: 8s
Rendered 134/290, time remaining: 8s
Rendered 135/290, time remaining: 8s
Rendered 136/290, time remaining: 8s
Rendered 137/290, time remaining: 8s
Rendered 138/290, time remaining: 8s
Rendered 139/290, time remaining: 8s
Rendered 140/290, time remaining: 8s
Rendered 141/290, time remaining: 8s
Rendered 142/290, time remaining: 8s
Rendered 143/290, time remaining: 8s
Rendered 144/290, time remaining: 8s
Rendered 145/290, time remaining: 7s
Rendered 146/290, time remaining: 7s
Rendered 147/290, time remaining: 7s
Rendered 148/290, time remaining: 7s
Rendered 149/290, time remaining: 7s
Rendered 150/290, time remaining: 7s
Rendered 151/290, time remaining: 7s
Rendered 152/290, time remaining: 7s
Rendered 153/290, time remaining: 7s
Rendered 154/290, time remaining: 7s
Rendered 155/290, time remaining: 7s
Rendered 156/290, time remaining: 7s
Rendered 157/290, time remaining: 7s
Rendered 158/290, time remaining: 6s
Rendered 159/290, time remaining: 6s
Rendered 160/290, time remaining: 6s
Rendered 161/290, time remaining: 6s
Rendered 162/290, time remaining: 6s
Rendered 163/290, time remaining: 6s
Rendered 164/290, time remaining: 6s
Rendered 165/290, time remaining: 6s
Rendered 166/290, time remaining: 6s
Rendered 167/290, time remaining: 6s
Rendered 168/290, time remaining: 6s
Rendered 169/290, time remaining: 6s
Rendered 170/290, time remaining: 6s
Rendered 171/290, time remaining: 6s
Rendered 172/290, time remaining: 6s
Rendered 173/290, time remaining: 6s
Rendered 174/290, time remaining: 6s
Rendered 175/290, time remaining: 6s
Rendered 176/290, time remaining: 5s
Rendered 177/290, time remaining: 5s
Rendered 178/290, time remaining: 5s
Rendered 179/290, time remaining: 5s
Rendered 180/290, time remaining: 5s
Rendered 181/290, time remaining: 5s
Rendered 182/290, time remaining: 5s
Rendered 183/290, time remaining: 5s
Rendered 184/290, time remaining: 5s
Rendered 185/290, time remaining: 5s
Rendered 186/290, time remaining: 5s
Rendered 187/290, time remaining: 5s
Rendered 188/290, time remaining: 5s
Rendered 189/290, time remaining: 5s
Rendered 190/290, time remaining: 5s
Rendered 191/290, time remaining: 5s
Rendered 192/290, time remaining: 5s
Rendered 193/290, time remaining: 5s
Rendered 194/290, time remaining: 4s
Rendered 195/290, time remaining: 4s
Rendered 196/290, time remaining: 4s
Rendered 197/290, time remaining: 4s
Rendered 198/290, time remaining: 4s
Rendered 199/290, time remaining: 4s
Rendered 200/290, time remaining: 4s
Rendered 201/290, time remaining: 4s
Rendered 202/290, time remaining: 4s
Rendered 203/290, time remaining: 4s
Rendered 204/290, time remaining: 4s
Rendered 205/290, time remaining: 4s
Rendered 206/290, time remaining: 4s
Rendered 207/290, time remaining: 4s
Rendered 208/290, time remaining: 4s
Rendered 209/290, time remaining: 4s
Rendered 210/290, time remaining: 4s
Rendered 211/290, time remaining: 4s
Rendered 212/290, time remaining: 4s
Rendered 213/290, time remaining: 3s
Rendered 214/290, time remaining: 3s
Rendered 215/290, time remaining: 3s
Rendered 216/290, time remaining: 3s
Rendered 217/290, time remaining: 3s
Rendered 218/290, time remaining: 3s
Rendered 219/290, time remaining: 3s
Rendered 220/290, time remaining: 3s
Rendered 221/290, time remaining: 3s
Rendered 222/290, time remaining: 3s
Rendered 223/290, time remaining: 3s
Rendered 224/290, time remaining: 3s
Rendered 225/290, time remaining: 3s
Rendered 226/290, time remaining: 3s
Rendered 227/290, time remaining: 3s
Rendered 228/290, time remaining: 3s
Rendered 229/290, time remaining: 3s
Rendered 230/290, time remaining: 3s
Rendered 231/290, time remaining: 3s
Rendered 232/290, time remaining: 3s
Rendered 233/290, time remaining: 2s
Rendered 234/290, time remaining: 2s
Rendered 235/290, time remaining: 2s
Rendered 236/290, time remaining: 2s
Rendered 237/290, time remaining: 2s
Rendered 238/290, time remaining: 2s
Rendered 239/290, time remaining: 2s
Rendered 240/290, time remaining: 2s
Rendered 241/290, time remaining: 2s
Rendered 242/290, time remaining: 2s
Rendered 243/290, time remaining: 2s
Rendered 244/290, time remaining: 2s
Rendered 245/290, time remaining: 2s
Rendered 246/290, time remaining: 2s
Rendered 247/290, time remaining: 2s
Rendered 248/290, time remaining: 2s
Rendered 249/290, time remaining: 2s
Rendered 250/290, time remaining: 2s
Rendered 251/290, time remaining: 2s
Rendered 252/290, time remaining: 1s
Rendered 253/290, time remaining: 1s
Rendered 254/290, time remaining: 1s
Rendered 255/290, time remaining: 1s
Rendered 256/290, time remaining: 1s
Rendered 257/290, time remaining: 1s
Rendered 258/290, time remaining: 1s
Rendered 259/290, time remaining: 1s
Rendered 260/290, time remaining: 1s
Rendered 261/290, time remaining: 1s
Rendered 262/290, time remaining: 1s
Rendered 263/290, time remaining: 1s
Rendered 264/290, time remaining: 1s
Rendered 265/290, time remaining: 1s
Rendered 266/290, time remaining: 1s
Rendered 267/290, time remaining: 1s
Rendered 268/290, time remaining: 1s
Rendered 269/290, time remaining: 1s
Rendered 270/290, time remaining: 1s
Rendered 271/290, time remaining: 0s
Rendered 272/290, time remaining: 0s
Rendered 273/290, time remaining: 0s
Rendered 274/290, time remaining: 0s
Rendered 275/290, time remaining: 0s
Rendered 276/290, time remaining: 0s
Rendered 277/290, time remaining: 0s
Rendered 278/290, time remaining: 0s
Rendered 279/290, time remaining: 0s
Rendered 280/290, time remaining: 0s
Rendered 281/290, time remaining: 0s
Rendered 282/290, time remaining: 0s
Rendered 283/290, time remaining: 0s
Rendered 284/290, time remaining: 0s
Rendered 285/290, time remaining: 0s
Rendered 286/290, time remaining: 0s
Rendered 287/290, time remaining: 0s
Rendered 288/290, time remaining: 0s
Rendered 289/290, time remaining: 0s
Rendered 290/290
Encoded 290/290
+                    ../output/models-fixed.mp4 1.2 MB
