3 refuse 422
2 explain 361
5 collaboration 636
4 news 516
7 bugs 965
6 explain 761
9 limits 1227
8 models 1075
11 sandbox 1621
10 explain 1365
12 explain 1917
14 darkwords 2298
13 article 2050
16 explain 2587
15 online 2454
18 explain 3309
17 hugging 2869
19 article 3579
20 explain 3813
21 records 3974
23 misread 4391
22 hugging 4080
25 route 4824
24 explain 4618
27 safety 5125
26 explain 5011
29 explain 5501
28 obedience 5382
31 explain 6007
30 isolation 5664
32 investigation 6273
34 explain 6543
33 records 6414
35 chat 6833
37 explain 7158
36 intent 6948
38 glm 7672
39 explain 7835
41 explain 8146
40 ranking 7941
43 explain 8513
42 ranking 8408
45 explain 8717
44 control 8627
47 explain 9205
48 defense 9348
46 chart 9028
50 money 9809
49 explain 9689
52 principle 10107
51 principle 9960
54 closing 10484
53 principle 10238
1 escape 240
0 opening 66
