
> video-mg-replica-project@1.0.0 render
> remotion render src/index.tsx Replica ../output/replica-picture-final.mp4 --codec=h264 --crf=16 --browser-executable=/Applications/Google Chrome.app/Contents/MacOS/Google Chrome --concurrency=4

Bundling 6%
Bundling 16%
Bundling 62%
Bundling 69%
Bundling 74%
Bundling 80%
Bundling 85%
Bundling 90%
Bundling 95%
Bundling 100%
Getting composition
Composition          Replica
Codec                h264
Output               ../output/replica-picture-final.mp4
Concurrency          4x
Rendered 0/596
Rendered 1/596, time remaining: 3m 24s
Rendered 2/596, time remaining: 2m 5s
Rendered 3/596, time remaining: 1m 49s
Rendered 4/596, time remaining: 1m 43s
Rendered 5/596, time remaining: 1m 26s
Rendered 6/596, time remaining: 1m 17s
Rendered 7/596, time remaining: 1m 10s
Rendered 8/596, time remaining: 1m 3s
Rendered 9/596, time remaining: 1m 0s
Rendered 10/596, time remaining: 56s
Rendered 11/596, time remaining: 54s
Rendered 12/596, time remaining: 52s
Rendered 13/596, time remaining: 49s
Rendered 14/596, time remaining: 47s
Rendered 15/596, time remaining: 46s
Rendered 16/596, time remaining: 46s
Rendered 17/596, time remaining: 43s
Rendered 18/596, time remaining: 43s
Rendered 19/596, time remaining: 42s
Rendered 20/596, time remaining: 42s
Rendered 21/596, time remaining: 41s
Rendered 22/596, time remaining: 40s
Rendered 23/596, time remaining: 40s
Rendered 24/596, time remaining: 40s
Rendered 25/596, time remaining: 39s
Rendered 26/596, time remaining: 38s
Rendered 27/596, time remaining: 38s
Rendered 28/596, time remaining: 38s
Rendered 29/596, time remaining: 37s
Rendered 30/596, time remaining: 37s
Rendered 31/596, time remaining: 37s
Rendered 32/596, time remaining: 37s
Rendered 33/596, time remaining: 36s
Rendered 34/596, time remaining: 36s
Rendered 35/596, time remaining: 36s
Rendered 36/596, time remaining: 36s
Rendered 37/596, time remaining: 35s
Rendered 38/596, time remaining: 35s
Rendered 39/596, time remaining: 35s
Rendered 40/596, time remaining: 35s
Rendered 41/596, time remaining: 35s
Rendered 42/596, time remaining: 34s
Rendered 43/596, time remaining: 35s
Rendered 44/596, time remaining: 34s
Rendered 45/596, time remaining: 34s
Rendered 46/596, time remaining: 34s
Rendered 47/596, time remaining: 34s
Rendered 48/596, time remaining: 33s
Rendered 49/596, time remaining: 33s
Rendered 50/596, time remaining: 33s
Rendered 51/596, time remaining: 33s
Rendered 52/596, time remaining: 33s
Rendered 53/596, time remaining: 33s
Rendered 54/596, time remaining: 33s
Rendered 55/596, time remaining: 32s
Rendered 56/596, time remaining: 32s
Rendered 57/596, time remaining: 32s
Rendered 58/596, time remaining: 32s
Rendered 59/596, time remaining: 32s
Rendered 60/596, time remaining: 32s
Rendered 61/596, time remaining: 31s
Rendered 62/596, time remaining: 31s
Rendered 63/596, time remaining: 31s
Rendered 64/596, time remaining: 31s
Rendered 65/596, time remaining: 31s
Rendered 66/596, time remaining: 31s
Rendered 67/596, time remaining: 31s
Rendered 68/596, time remaining: 30s
Rendered 69/596, time remaining: 30s
Rendered 70/596, time remaining: 30s
Rendered 71/596, time remaining: 30s
Rendered 72/596, time remaining: 30s
Rendered 73/596, time remaining: 30s
Rendered 74/596, time remaining: 30s
Rendered 75/596, time remaining: 30s
Rendered 76/596, time remaining: 30s
Rendered 77/596, time remaining: 30s
Rendered 78/596, time remaining: 29s
Rendered 79/596, time remaining: 30s
Rendered 80/596, time remaining: 29s
Rendered 81/596, time remaining: 29s
Rendered 82/596, time remaining: 29s
Rendered 83/596, time remaining: 29s
Rendered 84/596, time remaining: 29s
Rendered 85/596, time remaining: 29s
Rendered 86/596, time remaining: 29s
Rendered 87/596, time remaining: 29s
Rendered 88/596, time remaining: 29s
Rendered 89/596, time remaining: 28s
Rendered 90/596, time remaining: 28s
Rendered 91/596, time remaining: 28s
Rendered 92/596, time remaining: 28s
Rendered 93/596, time remaining: 28s
Rendered 94/596, time remaining: 28s
Rendered 95/596, time remaining: 28s
Rendered 96/596, time remaining: 28s
Rendered 97/596, time remaining: 28s
Rendered 98/596, time remaining: 28s
Rendered 99/596, time remaining: 28s
Rendered 100/596, time remaining: 28s
Rendered 101/596, time remaining: 28s
Rendered 102/596, time remaining: 28s
Rendered 103/596, time remaining: 27s
Rendered 104/596, time remaining: 27s
Rendered 105/596, time remaining: 27s
Rendered 106/596, time remaining: 27s
Rendered 107/596, time remaining: 27s
Rendered 108/596, time remaining: 27s
Rendered 109/596, time remaining: 27s
Rendered 110/596, time remaining: 27s
Rendered 111/596, time remaining: 27s
Rendered 112/596, time remaining: 27s
Rendered 113/596, time remaining: 27s
Rendered 114/596, time remaining: 26s
Rendered 115/596, time remaining: 26s
Rendered 116/596, time remaining: 26s
Rendered 117/596, time remaining: 26s
Rendered 118/596, time remaining: 26s
Rendered 119/596, time remaining: 26s
Rendered 120/596, time remaining: 26s
Rendered 121/596, time remaining: 26s
Rendered 122/596, time remaining: 26s
Rendered 123/596, time remaining: 26s
Rendered 124/596, time remaining: 26s
Rendered 125/596, time remaining: 26s
Rendered 126/596, time remaining: 26s
Rendered 127/596, time remaining: 26s
Rendered 128/596, time remaining: 26s
Rendered 129/596, time remaining: 26s
Rendered 130/596, time remaining: 26s
Rendered 131/596, time remaining: 26s
Rendered 132/596, time remaining: 26s
Rendered 133/596, time remaining: 26s
Rendered 134/596, time remaining: 26s
Rendered 135/596, time remaining: 26s
Rendered 136/596, time remaining: 26s
Rendered 137/596, time remaining: 26s
Rendered 138/596, time remaining: 26s
Rendered 139/596, time remaining: 26s
Rendered 140/596, time remaining: 25s
Rendered 141/596, time remaining: 25s
Rendered 142/596, time remaining: 25s
Rendered 143/596, time remaining: 25s
Rendered 144/596, time remaining: 25s
Rendered 145/596, time remaining: 25s
Rendered 146/596, time remaining: 25s
Rendered 147/596, time remaining: 25s
Rendered 148/596, time remaining: 25s
Rendered 149/596, time remaining: 25s
Rendered 150/596, time remaining: 25s
Rendered 151/596, time remaining: 24s
Rendered 152/596, time remaining: 24s
Rendered 153/596, time remaining: 23s
Rendered 154/596, time remaining: 23s
Rendered 155/596, time remaining: 23s
Rendered 156/596, time remaining: 23s
Rendered 157/596, time remaining: 23s
Rendered 158/596, time remaining: 23s
Rendered 159/596, time remaining: 23s
Rendered 160/596, time remaining: 23s
Rendered 161/596, time remaining: 23s
Rendered 162/596, time remaining: 23s
Rendered 163/596, time remaining: 23s
Rendered 164/596, time remaining: 23s
Rendered 165/596, time remaining: 23s
Rendered 166/596, time remaining: 22s
Rendered 167/596, time remaining: 23s
Rendered 168/596, time remaining: 22s
Rendered 169/596, time remaining: 22s
Rendered 170/596, time remaining: 22s
Rendered 171/596, time remaining: 22s
Rendered 172/596, time remaining: 22s
Rendered 173/596, time remaining: 22s
Rendered 174/596, time remaining: 22s
Rendered 175/596, time remaining: 22s
Rendered 176/596, time remaining: 22s
Rendered 177/596, time remaining: 22s
Rendered 178/596, time remaining: 22s
Rendered 179/596, time remaining: 22s
Rendered 180/596, time remaining: 22s
Rendered 181/596, time remaining: 22s
Rendered 182/596, time remaining: 22s
Rendered 183/596, time remaining: 22s
Rendered 184/596, time remaining: 22s
Rendered 185/596, time remaining: 21s
Rendered 186/596, time remaining: 21s
Rendered 187/596, time remaining: 21s
Rendered 188/596, time remaining: 21s
Rendered 189/596, time remaining: 21s
Rendered 190/596, time remaining: 21s
Rendered 191/596, time remaining: 21s
Rendered 192/596, time remaining: 21s
Rendered 193/596, time remaining: 21s
Rendered 194/596, time remaining: 21s
Rendered 195/596, time remaining: 21s
Rendered 196/596, time remaining: 21s
Rendered 197/596, time remaining: 21s
Rendered 198/596, time remaining: 21s
Rendered 199/596, time remaining: 21s
Rendered 200/596, time remaining: 21s
Rendered 201/596, time remaining: 20s
Rendered 202/596, time remaining: 21s
Rendered 203/596, time remaining: 20s
Rendered 204/596, time remaining: 20s
Rendered 205/596, time remaining: 20s
Rendered 206/596, time remaining: 20s
Rendered 207/596, time remaining: 20s
Rendered 208/596, time remaining: 20s
Rendered 209/596, time remaining: 20s
Rendered 210/596, time remaining: 20s
Rendered 211/596, time remaining: 20s
Rendered 212/596, time remaining: 20s
Rendered 213/596, time remaining: 20s
Rendered 214/596, time remaining: 20s
Rendered 215/596, time remaining: 20s
Rendered 216/596, time remaining: 20s
Rendered 217/596, time remaining: 20s
Rendered 218/596, time remaining: 20s
Rendered 219/596, time remaining: 20s
Rendered 220/596, time remaining: 20s
Rendered 221/596, time remaining: 19s
Rendered 222/596, time remaining: 19s
Rendered 223/596, time remaining: 19s
Rendered 224/596, time remaining: 19s
Rendered 225/596, time remaining: 19s
Rendered 226/596, time remaining: 19s
Rendered 227/596, time remaining: 19s
Rendered 228/596, time remaining: 19s
Rendered 229/596, time remaining: 19s
Rendered 230/596, time remaining: 19s
Rendered 231/596, time remaining: 19s
Rendered 232/596, time remaining: 19s
Rendered 233/596, time remaining: 19s
Rendered 234/596, time remaining: 19s
Rendered 235/596, time remaining: 19s
Rendered 236/596, time remaining: 19s
Rendered 237/596, time remaining: 19s
Rendered 238/596, time remaining: 19s
Rendered 239/596, time remaining: 19s
Rendered 240/596, time remaining: 18s
Rendered 241/596, time remaining: 18s
Rendered 242/596, time remaining: 18s
Rendered 243/596, time remaining: 18s
Rendered 244/596, time remaining: 18s
Rendered 245/596, time remaining: 18s
Rendered 246/596, time remaining: 18s
Rendered 247/596, time remaining: 18s
Rendered 248/596, time remaining: 18s
Rendered 249/596, time remaining: 18s
Rendered 250/596, time remaining: 18s
Rendered 251/596, time remaining: 18s
Rendered 252/596, time remaining: 18s
Rendered 253/596, time remaining: 18s
Rendered 254/596, time remaining: 18s
Rendered 255/596, time remaining: 18s
Rendered 256/596, time remaining: 18s
Rendered 257/596, time remaining: 18s
Rendered 258/596, time remaining: 18s
Rendered 259/596, time remaining: 18s
Rendered 260/596, time remaining: 17s
Rendered 261/596, time remaining: 17s
Rendered 262/596, time remaining: 17s
Rendered 263/596, time remaining: 17s
Rendered 264/596, time remaining: 17s
Rendered 265/596, time remaining: 17s
Rendered 266/596, time remaining: 17s
Rendered 267/596, time remaining: 17s
Rendered 268/596, time remaining: 17s
Rendered 269/596, time remaining: 17s
Rendered 270/596, time remaining: 17s
Rendered 271/596, time remaining: 17s
Rendered 272/596, time remaining: 17s
Rendered 273/596, time remaining: 17s
Rendered 274/596, time remaining: 17s
Rendered 275/596, time remaining: 17s
Rendered 276/596, time remaining: 16s
Rendered 277/596, time remaining: 16s
Rendered 278/596, time remaining: 16s
Rendered 279/596, time remaining: 16s
Rendered 280/596, time remaining: 16s
Rendered 281/596, time remaining: 16s
Rendered 282/596, time remaining: 16s
Rendered 283/596, time remaining: 16s
Rendered 284/596, time remaining: 16s
Rendered 285/596, time remaining: 16s
Rendered 286/596, time remaining: 16s
Rendered 287/596, time remaining: 16s
Rendered 288/596, time remaining: 15s
Rendered 289/596, time remaining: 15s
Rendered 290/596, time remaining: 15s
Rendered 291/596, time remaining: 15s
Rendered 292/596, time remaining: 15s
Rendered 293/596, time remaining: 15s
Rendered 294/596, time remaining: 15s
Rendered 295/596, time remaining: 15s
Rendered 296/596, time remaining: 15s
Rendered 297/596, time remaining: 15s
Rendered 298/596, time remaining: 15s
Rendered 299/596, time remaining: 15s
Rendered 300/596, time remaining: 15s
Rendered 301/596, time remaining: 15s
Rendered 302/596, time remaining: 15s
Rendered 303/596, time remaining: 15s
Rendered 304/596, time remaining: 15s
Rendered 305/596, time remaining: 15s
Rendered 306/596, time remaining: 15s
Rendered 307/596, time remaining: 15s
Rendered 308/596, time remaining: 14s
Rendered 309/596, time remaining: 14s
Rendered 310/596, time remaining: 14s
Rendered 311/596, time remaining: 15s
Rendered 312/596, time remaining: 14s
Rendered 313/596, time remaining: 14s
Rendered 314/596, time remaining: 14s
Rendered 315/596, time remaining: 14s
Rendered 316/596, time remaining: 14s
Rendered 317/596, time remaining: 14s
Rendered 318/596, time remaining: 14s
Rendered 319/596, time remaining: 14s
Rendered 320/596, time remaining: 14s
Rendered 321/596, time remaining: 14s
Rendered 322/596, time remaining: 14s
Rendered 323/596, time remaining: 14s
Rendered 324/596, time remaining: 14s
Rendered 325/596, time remaining: 14s
Rendered 326/596, time remaining: 14s
Rendered 327/596, time remaining: 14s
Rendered 328/596, time remaining: 14s
Rendered 329/596, time remaining: 14s
Rendered 330/596, time remaining: 14s
Rendered 331/596, time remaining: 13s
Rendered 332/596, time remaining: 13s
Rendered 333/596, time remaining: 13s
Rendered 334/596, time remaining: 13s
Rendered 335/596, time remaining: 13s
Rendered 336/596, time remaining: 13s
Rendered 337/596, time remaining: 13s
Rendered 338/596, time remaining: 13s
Rendered 339/596, time remaining: 13s
Rendered 340/596, time remaining: 13s
Rendered 341/596, time remaining: 13s
Rendered 342/596, time remaining: 13s
Rendered 343/596, time remaining: 13s
Rendered 344/596, time remaining: 13s
Rendered 345/596, time remaining: 13s
Rendered 346/596, time remaining: 13s
Rendered 347/596, time remaining: 13s
Rendered 348/596, time remaining: 13s
Rendered 349/596, time remaining: 13s
Rendered 350/596, time remaining: 13s
Rendered 351/596, time remaining: 12s
Rendered 352/596, time remaining: 12s
Rendered 353/596, time remaining: 12s
Rendered 354/596, time remaining: 12s
Rendered 355/596, time remaining: 12s
Rendered 356/596, time remaining: 12s
Rendered 357/596, time remaining: 12s
Rendered 358/596, time remaining: 12s
Rendered 359/596, time remaining: 12s
Rendered 360/596, time remaining: 12s
Rendered 361/596, time remaining: 12s
Rendered 362/596, time remaining: 12s
Rendered 363/596, time remaining: 12s
Rendered 364/596, time remaining: 12s
Rendered 365/596, time remaining: 12s
Rendered 366/596, time remaining: 12s
Rendered 367/596, time remaining: 12s
Rendered 368/596, time remaining: 12s
Rendered 369/596, time remaining: 11s
Rendered 370/596, time remaining: 11s
Rendered 371/596, time remaining: 11s
Rendered 372/596, time remaining: 11s
Rendered 373/596, time remaining: 11s
Rendered 374/596, time remaining: 11s
Rendered 375/596, time remaining: 11s
Rendered 376/596, time remaining: 11s
Rendered 377/596, time remaining: 11s
Rendered 378/596, time remaining: 11s
Rendered 379/596, time remaining: 11s
Rendered 380/596, time remaining: 11s
Rendered 381/596, time remaining: 11s
Rendered 382/596, time remaining: 11s
Rendered 383/596, time remaining: 11s
Rendered 384/596, time remaining: 11s
Rendered 385/596, time remaining: 11s
Rendered 386/596, time remaining: 11s
Rendered 387/596, time remaining: 11s
Rendered 388/596, time remaining: 11s
Rendered 389/596, time remaining: 10s
Rendered 390/596, time remaining: 10s
Rendered 391/596, time remaining: 10s
Rendered 392/596, time remaining: 10s
Rendered 393/596, time remaining: 10s
Rendered 394/596, time remaining: 10s
Rendered 395/596, time remaining: 10s
Rendered 396/596, time remaining: 10s
Rendered 397/596, time remaining: 10s
Rendered 398/596, time remaining: 10s
Rendered 399/596, time remaining: 10s
Rendered 400/596, time remaining: 10s
Rendered 401/596, time remaining: 10s
Rendered 402/596, time remaining: 10s
Rendered 403/596, time remaining: 10s
Rendered 404/596, time remaining: 10s
Rendered 405/596, time remaining: 10s
Rendered 406/596, time remaining: 10s
Rendered 407/596, time remaining: 10s
Rendered 408/596, time remaining: 9s
Rendered 409/596, time remaining: 9s
Rendered 410/596, time remaining: 9s
Rendered 411/596, time remaining: 9s
Rendered 412/596, time remaining: 9s
Rendered 413/596, time remaining: 9s
Rendered 414/596, time remaining: 9s
Rendered 415/596, time remaining: 9s
Rendered 416/596, time remaining: 9s
Rendered 417/596, time remaining: 9s
Rendered 418/596, time remaining: 9s
Rendered 419/596, time remaining: 9s
Rendered 420/596, time remaining: 9s
Rendered 421/596, time remaining: 9s
Rendered 422/596, time remaining: 9s
Rendered 423/596, time remaining: 9s
Rendered 424/596, time remaining: 9s
Rendered 425/596, time remaining: 9s
Rendered 426/596, time remaining: 9s
Rendered 427/596, time remaining: 8s
Rendered 428/596, time remaining: 8s
Rendered 429/596, time remaining: 8s
Rendered 430/596, time remaining: 8s
Rendered 431/596, time remaining: 8s
Rendered 432/596, time remaining: 8s
Rendered 433/596, time remaining: 8s
Rendered 434/596, time remaining: 8s
Rendered 435/596, time remaining: 8s
Rendered 436/596, time remaining: 8s
Rendered 437/596, time remaining: 8s
Rendered 438/596, time remaining: 8s
Rendered 439/596, time remaining: 8s
Rendered 440/596, time remaining: 8s
Rendered 441/596, time remaining: 8s
Rendered 442/596, time remaining: 8s
Rendered 443/596, time remaining: 8s
Rendered 444/596, time remaining: 8s
Rendered 445/596, time remaining: 7s
Rendered 446/596, time remaining: 7s
Rendered 447/596, time remaining: 7s
Rendered 448/596, time remaining: 7s
Rendered 449/596, time remaining: 7s
Rendered 450/596, time remaining: 7s
Rendered 451/596, time remaining: 7s
Rendered 452/596, time remaining: 7s
Rendered 453/596, time remaining: 7s
Rendered 454/596, time remaining: 7s
Rendered 455/596, time remaining: 7s
Rendered 456/596, time remaining: 7s
Rendered 457/596, time remaining: 7s
Rendered 458/596, time remaining: 7s
Rendered 459/596, time remaining: 7s
Rendered 460/596, time remaining: 7s
Rendered 461/596, time remaining: 7s
Rendered 462/596, time remaining: 7s
Rendered 463/596, time remaining: 6s
Rendered 464/596, time remaining: 6s
Rendered 465/596, time remaining: 6s
Rendered 466/596, time remaining: 6s
Rendered 467/596, time remaining: 6s
Rendered 468/596, time remaining: 6s
Rendered 469/596, time remaining: 6s
Rendered 470/596, time remaining: 6s
Rendered 471/596, time remaining: 6s
Rendered 472/596, time remaining: 6s
Rendered 473/596, time remaining: 6s
Rendered 474/596, time remaining: 6s
Rendered 475/596, time remaining: 6s
Rendered 476/596, time remaining: 6s
Rendered 477/596, time remaining: 6s
Rendered 478/596, time remaining: 6s
Rendered 479/596, time remaining: 6s
Rendered 480/596, time remaining: 6s
Rendered 481/596, time remaining: 6s
Rendered 482/596, time remaining: 5s
Rendered 483/596, time remaining: 5s
Rendered 484/596, time remaining: 5s
Rendered 485/596, time remaining: 5s
Rendered 486/596, time remaining: 5s
Rendered 487/596, time remaining: 5s
Rendered 488/596, time remaining: 5s
Rendered 489/596, time remaining: 5s
Rendered 490/596, time remaining: 5s
Rendered 491/596, time remaining: 5s
Rendered 492/596, time remaining: 5s
Rendered 493/596, time remaining: 5s
Rendered 494/596, time remaining: 5s
Rendered 495/596, time remaining: 5s
Rendered 496/596, time remaining: 5s
Rendered 497/596, time remaining: 5s
Rendered 498/596, time remaining: 5s
Rendered 499/596, time remaining: 5s
Rendered 500/596, time remaining: 5s
Rendered 501/596, time remaining: 4s
Rendered 502/596, time remaining: 4s
Rendered 503/596, time remaining: 4s
Rendered 504/596, time remaining: 4s
Rendered 505/596, time remaining: 4s
Rendered 506/596, time remaining: 4s
Rendered 507/596, time remaining: 4s
Rendered 508/596, time remaining: 4s
Rendered 509/596, time remaining: 4s
Rendered 510/596, time remaining: 4s
Rendered 511/596, time remaining: 4s
Rendered 512/596, time remaining: 4s
Rendered 513/596, time remaining: 4s
Rendered 514/596, time remaining: 4s
Rendered 515/596, time remaining: 4s
Rendered 516/596, time remaining: 4s
Rendered 517/596, time remaining: 4s
Rendered 518/596, time remaining: 4s
Rendered 519/596, time remaining: 4s
Rendered 520/596, time remaining: 3s
Rendered 521/596, time remaining: 3s
Rendered 522/596, time remaining: 3s
Rendered 523/596, time remaining: 3s
Rendered 524/596, time remaining: 3s
Rendered 525/596, time remaining: 3s
Rendered 526/596, time remaining: 3s
Rendered 527/596, time remaining: 3s
Rendered 528/596, time remaining: 3s
Rendered 529/596, time remaining: 3s
Rendered 530/596, time remaining: 3s
Rendered 531/596, time remaining: 3s
Rendered 532/596, time remaining: 3s
Rendered 533/596, time remaining: 3s
Rendered 534/596, time remaining: 3s
Rendered 535/596, time remaining: 3s
Rendered 536/596, time remaining: 3s
Rendered 537/596, time remaining: 3s
Rendered 538/596, time remaining: 3s
Rendered 539/596, time remaining: 2s
Rendered 540/596, time remaining: 2s
Rendered 541/596, time remaining: 2s
Rendered 542/596, time remaining: 2s
Rendered 543/596, time remaining: 2s
Rendered 544/596, time remaining: 2s
Rendered 545/596, time remaining: 2s
Rendered 546/596, time remaining: 2s
Rendered 547/596, time remaining: 2s
Rendered 548/596, time remaining: 2s
Rendered 549/596, time remaining: 2s
Rendered 550/596, time remaining: 2s
Rendered 551/596, time remaining: 2s
Rendered 552/596, time remaining: 2s
Rendered 553/596, time remaining: 2s
Rendered 554/596, time remaining: 2s
Rendered 555/596, time remaining: 2s
Rendered 556/596, time remaining: 2s
Rendered 557/596, time remaining: 2s
Rendered 558/596, time remaining: 1s
Rendered 559/596, time remaining: 1s
Rendered 560/596, time remaining: 1s
Rendered 561/596, time remaining: 1s
Rendered 562/596, time remaining: 1s
Rendered 563/596, time remaining: 1s
Rendered 564/596, time remaining: 1s
Rendered 565/596, time remaining: 1s
Rendered 566/596, time remaining: 1s
Rendered 567/596, time remaining: 1s
Rendered 568/596, time remaining: 1s
Rendered 569/596, time remaining: 1s
Rendered 570/596, time remaining: 1s
Rendered 571/596, time remaining: 1s
Rendered 572/596, time remaining: 1s
Rendered 573/596, time remaining: 1s
Rendered 574/596, time remaining: 1s
Rendered 575/596, time remaining: 1s
Rendered 576/596, time remaining: 1s
Rendered 577/596, time remaining: 0s
Rendered 578/596, time remaining: 0s
Rendered 579/596, time remaining: 0s
Rendered 580/596, time remaining: 0s
Rendered 581/596, time remaining: 0s
Rendered 582/596, time remaining: 0s
Rendered 583/596, time remaining: 0s
Rendered 584/596, time remaining: 0s
Rendered 585/596, time remaining: 0s
Rendered 586/596, time remaining: 0s
Rendered 587/596, time remaining: 0s
Rendered 588/596, time remaining: 0s
Rendered 589/596, time remaining: 0s
Rendered 590/596, time remaining: 0s
Rendered 591/596, time remaining: 0s
Rendered 592/596, time remaining: 0s
Rendered 593/596, time remaining: 0s
Rendered 594/596, time remaining: 0s
Rendered 595/596, time remaining: 0s
Rendered 596/596
Encoded 255/596
Encoded 596/596
+                    ../output/replica-picture-final.mp4 5 MB
