1 escape 240
0 opening 66
3 refuse 422
2 explain 361
4 news 516
6 explain 761
5 collaboration 636
7 bugs 965
8 models 1075
9 limits 1227
10 explain 1365
12 explain 1917
11 sandbox 1621
14 darkwords 2298
13 article 2050
16 explain 2587
15 online 2454
17 hugging 2869
18 explain 3309
20 explain 3813
19 article 3579
22 hugging 4080
21 records 3974
24 explain 4618
23 misread 4391
25 route 4824
27 safety 5125
26 explain 5011
29 explain 5501
28 obedience 5382
31 explain 6007
30 isolation 5664
33 records 6414
34 explain 6543
32 investigation 6273
35 chat 6833
37 explain 7158
36 intent 6948
39 explain 7835
38 glm 7672
41 explain 8146
40 ranking 7941
43 explain 8513
42 ranking 8408
45 explain 8717
46 chart 9028
44 control 8627
48 defense 9348
47 explain 9205
50 money 9809
49 explain 9689
51 principle 9955
53 principle 10107
52 cassette-second 10023
55 closing 10484
54 principle 10238
